{
  "title": "Implement a handler"
}

{
  "id":1
}